2024-11-07 17:45:05,708 - app_logger - ERROR - This is an error logger check
2024-11-08 10:27:24,861 - app_logger - ERROR - This is an error logger check
