2024-11-07 10:36:46,451 - python_logging - ERROR - This is an error logger check
2024-11-07 10:37:38,349 - python_logging - ERROR - This is an error logger check
2024-11-07 10:41:44,591 - python_logging - ERROR - This is an error logger check
2024-11-07 10:42:38,198 - python_logging - ERROR - This is an error logger check
2024-11-07 10:44:25,460 - python_logging - ERROR - This is an error logger check
2024-11-07 10:45:23,591 - python_logging - ERROR - This is an error logger check
2024-11-07 10:50:42,458 - python_logging - ERROR - This is an error logger check
2024-11-07 10:52:03,063 - python_logging - ERROR - This is an error logger check
2024-11-07 10:52:03,065 - python_logging - ERROR - This is an error logger check
2024-11-07 10:52:03,065 - python_logging - ERROR - This is an error logger check
2024-11-07 10:53:04,655 - app_logger - ERROR - This is an error logger check
2024-11-07 10:53:04,660 - app_logger - ERROR - This is an error logger check
2024-11-07 10:53:04,660 - app_logger - ERROR - This is an error logger check
2024-11-07 10:55:55,917 - app_logger - ERROR - This is an error logger check
2024-11-07 17:07:27,900 - app_logger - ERROR - This is an error logger check
2024-11-07 17:09:15,315 - app_logger - ERROR - This is an error logger check
2024-11-07 17:11:08,097 - app_logger - ERROR - This is an error logger check
2024-11-07 17:12:07,593 - app_logger - ERROR - This is an error logger check
2024-11-07 17:12:55,077 - app_logger - ERROR - This is an error logger check
2024-11-07 17:29:52,876 - app_logger - ERROR - This is an error logger check
2024-11-07 17:41:42,872 - app_logger - ERROR - This is an error logger check
2024-11-07 17:45:14,721 - app_logger - ERROR - This is an error logger check
2024-11-07 17:47:15,994 - app_logger - ERROR - This is an error logger check
2024-11-07 17:48:28,723 - app_logger - ERROR - This is an error logger check
2024-11-07 17:50:46,206 - app_logger - ERROR - This is an error logger check
2024-11-07 17:52:21,204 - app_logger - ERROR - This is an error logger check
2024-11-07 17:52:56,441 - app_logger - ERROR - This is an error logger check
2024-11-07 17:53:52,044 - app_logger - ERROR - This is an error logger check
2024-11-07 17:54:32,757 - app_logger - ERROR - This is an error logger check
2024-11-07 17:57:24,218 - app_logger - ERROR - This is an error logger check
2024-11-07 18:01:43,916 - app_logger - ERROR - This is an error logger check
2024-11-07 18:02:07,102 - app_logger - ERROR - This is an error logger check
2024-11-07 18:02:26,353 - app_logger - ERROR - This is an error logger check
2024-11-07 18:03:18,899 - app_logger - ERROR - This is an error logger check
2024-11-07 18:03:30,884 - app_logger - ERROR - This is an error logger check
2024-11-07 18:26:22,043 - app_logger - ERROR - This is an error logger check
2024-11-07 18:30:45,273 - app_logger - ERROR - This is an error logger check
2024-11-07 18:38:52,741 - app_logger - ERROR - This is an error logger check
2024-11-07 18:42:08,690 - app_logger - ERROR - This is an error logger check
2024-11-07 18:45:23,333 - app_logger - ERROR - This is an error logger check
2024-11-07 18:46:30,736 - app_logger - ERROR - This is an error logger check
2024-11-07 18:47:54,085 - app_logger - ERROR - This is an error logger check
2024-11-07 18:48:08,310 - app_logger - ERROR - This is an error logger check
2024-11-07 18:50:26,341 - app_logger - ERROR - This is an error logger check
2024-11-07 18:50:38,340 - app_logger - ERROR - This is an error logger check
2024-11-07 18:57:33,626 - app_logger - ERROR - This is an error logger check
2024-11-07 19:02:30,243 - app_logger - ERROR - This is an error logger check
2024-11-07 19:05:11,385 - app_logger - ERROR - This is an error logger check
2024-11-07 19:08:13,472 - app_logger - ERROR - This is an error logger check
2024-11-07 19:08:35,910 - app_logger - ERROR - This is an error logger check
2024-11-07 19:09:07,590 - app_logger - ERROR - This is an error logger check
2024-11-07 19:10:02,672 - app_logger - ERROR - This is an error logger check
2024-11-07 19:10:29,796 - app_logger - ERROR - This is an error logger check
2024-11-07 19:11:58,617 - app_logger - ERROR - This is an error logger check
2024-11-07 19:12:59,813 - app_logger - ERROR - This is an error logger check
2024-11-07 19:14:46,341 - app_logger - ERROR - This is an error logger check
2024-11-07 19:16:36,886 - app_logger - ERROR - This is an error logger check
2024-11-07 19:18:00,535 - app_logger - ERROR - This is an error logger check
2024-11-07 19:18:45,967 - app_logger - ERROR - This is an error logger check
2024-11-07 19:20:02,001 - app_logger - ERROR - This is an error logger check
2024-11-07 19:21:24,557 - app_logger - ERROR - This is an error logger check
2024-11-07 19:23:36,312 - app_logger - ERROR - This is an error logger check
2024-11-07 20:05:33,264 - app_logger - ERROR - This is an error logger check
2024-11-07 20:07:18,041 - app_logger - ERROR - This is an error logger check
2024-11-07 20:08:07,283 - app_logger - ERROR - This is an error logger check
